test user
--------------------
Level 1 Warrior
--------------------
HP: 10/100
XP: 100/1000
MP: 10/50
