==DAILIES==
[x] test daily 1 (5 days in a row)
==HABITS==
test habit 1
 --10 â†‘
